EN seg7_driver NULL D:/git/VHDL_Class/Final_Project/seg7_driver.vhd sub00/vhpl06 1385401848
AR counterwithpulse_1khz behavioral D:/git/VHDL_Class/Final_Project/counterWithPulse_1kHz.vhd sub00/vhpl05 1385401847
EN final_project_top NULL C:/Users/eric_000/Documents/GitHub/Reversi/Final_Project/Final_Project.vhd sub00/vhpl02 1385415693
EN counterwithpulse_1khz NULL D:/git/VHDL_Class/Final_Project/counterWithPulse_1kHz.vhd sub00/vhpl04 1385401846
AR seg7_driver behavioral D:/git/VHDL_Class/Final_Project/seg7_driver.vhd sub00/vhpl07 1385401849
AR lab4_top behavioral D:/git/VHDL_Class/Final_Project/Final_Project.vhd sub00/vhpl01 1385400160
EN lab4_top NULL D:/git/VHDL_Class/Final_Project/Final_Project.vhd sub00/vhpl00 1385400159
AR final_project_top behavioral C:/Users/eric_000/Documents/GitHub/Reversi/Final_Project/Final_Project.vhd sub00/vhpl03 1385415694
